---
source: crates/biome_js_analyze/tests/spec_tests.rs
expression: numbers.js
---
# Input
```js
const a = 'a' + 1e21;
const b = 'a' + 0.1e-6;
const c = 'a' + 0x10;
const d = 'a' + 1_000;
const e = 1e21 + 'a';
const f = 0.1e-6 + 'a';
const g = 0x10 + 'a';
const h = 1_000 + 'a';
const i = 'a' + 123;
const j = 'a' + 0;
const k = 'a' + 45.67;
const l = 'a' + 0x1000000000000081;

```

# Diagnostics
```
numbers.js:1:11 lint/complexity/noUselessStringConcat  FIXABLE  ━━━━━━━━━━━━━━━━━━━━━━━━━━━━━━━━━━━

  i Useless string concatenation.
  
  > 1 │ const a = 'a' + 1e21;
      │           ^^^^^^^^^^
    2 │ const b = 'a' + 0.1e-6;
    3 │ const c = 'a' + 0x10;
  
  i Consider turning the expression into a single string to improve readability and runtime performance.
  
  i Safe fix: Remove the useless concatenation
  
   1    │ - const·a·=·'a'·+·1e21;
      1 │ + const·a·=·"a1e+21";
   2  2 │   const b = 'a' + 0.1e-6;
   3  3 │   const c = 'a' + 0x10;
  

```

```
numbers.js:2:11 lint/complexity/noUselessStringConcat  FIXABLE  ━━━━━━━━━━━━━━━━━━━━━━━━━━━━━━━━━━━

  i Useless string concatenation.
  
    1 │ const a = 'a' + 1e21;
  > 2 │ const b = 'a' + 0.1e-6;
      │           ^^^^^^^^^^^^
    3 │ const c = 'a' + 0x10;
    4 │ const d = 'a' + 1_000;
  
  i Consider turning the expression into a single string to improve readability and runtime performance.
  
  i Safe fix: Remove the useless concatenation
  
   1  1 │   const a = 'a' + 1e21;
   2    │ - const·b·=·'a'·+·0.1e-6;
      2 │ + const·b·=·"a1e-7";
   3  3 │   const c = 'a' + 0x10;
   4  4 │   const d = 'a' + 1_000;
  

```

```
numbers.js:3:11 lint/complexity/noUselessStringConcat  FIXABLE  ━━━━━━━━━━━━━━━━━━━━━━━━━━━━━━━━━━━

  i Useless string concatenation.
  
    1 │ const a = 'a' + 1e21;
    2 │ const b = 'a' + 0.1e-6;
  > 3 │ const c = 'a' + 0x10;
      │           ^^^^^^^^^^
    4 │ const d = 'a' + 1_000;
    5 │ const e = 1e21 + 'a';
  
  i Consider turning the expression into a single string to improve readability and runtime performance.
  
  i Safe fix: Remove the useless concatenation
  
   1  1 │   const a = 'a' + 1e21;
   2  2 │   const b = 'a' + 0.1e-6;
   3    │ - const·c·=·'a'·+·0x10;
      3 │ + const·c·=·"a16";
   4  4 │   const d = 'a' + 1_000;
   5  5 │   const e = 1e21 + 'a';
  

```

```
numbers.js:4:11 lint/complexity/noUselessStringConcat  FIXABLE  ━━━━━━━━━━━━━━━━━━━━━━━━━━━━━━━━━━━

  i Useless string concatenation.
  
    2 │ const b = 'a' + 0.1e-6;
    3 │ const c = 'a' + 0x10;
  > 4 │ const d = 'a' + 1_000;
      │           ^^^^^^^^^^^
    5 │ const e = 1e21 + 'a';
    6 │ const f = 0.1e-6 + 'a';
  
  i Consider turning the expression into a single string to improve readability and runtime performance.
  
  i Safe fix: Remove the useless concatenation
  
   2  2 │   const b = 'a' + 0.1e-6;
   3  3 │   const c = 'a' + 0x10;
   4    │ - const·d·=·'a'·+·1_000;
      4 │ + const·d·=·"a1000";
   5  5 │   const e = 1e21 + 'a';
   6  6 │   const f = 0.1e-6 + 'a';
  

```

```
numbers.js:5:11 lint/complexity/noUselessStringConcat  FIXABLE  ━━━━━━━━━━━━━━━━━━━━━━━━━━━━━━━━━━━

  i Useless string concatenation.
  
    3 │ const c = 'a' + 0x10;
    4 │ const d = 'a' + 1_000;
  > 5 │ const e = 1e21 + 'a';
      │           ^^^^^^^^^^
    6 │ const f = 0.1e-6 + 'a';
    7 │ const g = 0x10 + 'a';
  
  i Consider turning the expression into a single string to improve readability and runtime performance.
  
  i Safe fix: Remove the useless concatenation
  
   3  3 │   const c = 'a' + 0x10;
   4  4 │   const d = 'a' + 1_000;
   5    │ - const·e·=·1e21·+·'a';
      5 │ + const·e·=·"1e+21a";
   6  6 │   const f = 0.1e-6 + 'a';
   7  7 │   const g = 0x10 + 'a';
  

```

```
numbers.js:6:11 lint/complexity/noUselessStringConcat  FIXABLE  ━━━━━━━━━━━━━━━━━━━━━━━━━━━━━━━━━━━

  i Useless string concatenation.
  
    4 │ const d = 'a' + 1_000;
    5 │ const e = 1e21 + 'a';
  > 6 │ const f = 0.1e-6 + 'a';
      │           ^^^^^^^^^^^^
    7 │ const g = 0x10 + 'a';
    8 │ const h = 1_000 + 'a';
  
  i Consider turning the expression into a single string to improve readability and runtime performance.
  
  i Safe fix: Remove the useless concatenation
  
   4  4 │   const d = 'a' + 1_000;
   5  5 │   const e = 1e21 + 'a';
   6    │ - const·f·=·0.1e-6·+·'a';
      6 │ + const·f·=·"1e-7a";
   7  7 │   const g = 0x10 + 'a';
   8  8 │   const h = 1_000 + 'a';
  

```

```
numbers.js:7:11 lint/complexity/noUselessStringConcat  FIXABLE  ━━━━━━━━━━━━━━━━━━━━━━━━━━━━━━━━━━━

  i Useless string concatenation.
  
    5 │ const e = 1e21 + 'a';
    6 │ const f = 0.1e-6 + 'a';
  > 7 │ const g = 0x10 + 'a';
      │           ^^^^^^^^^^
    8 │ const h = 1_000 + 'a';
    9 │ const i = 'a' + 123;
  
  i Consider turning the expression into a single string to improve readability and runtime performance.
  
  i Safe fix: Remove the useless concatenation
  
   5  5 │   const e = 1e21 + 'a';
   6  6 │   const f = 0.1e-6 + 'a';
   7    │ - const·g·=·0x10·+·'a';
      7 │ + const·g·=·"16a";
   8  8 │   const h = 1_000 + 'a';
   9  9 │   const i = 'a' + 123;
  

```

```
numbers.js:8:11 lint/complexity/noUselessStringConcat  FIXABLE  ━━━━━━━━━━━━━━━━━━━━━━━━━━━━━━━━━━━

  i Useless string concatenation.
  
     6 │ const f = 0.1e-6 + 'a';
     7 │ const g = 0x10 + 'a';
   > 8 │ const h = 1_000 + 'a';
       │           ^^^^^^^^^^^
     9 │ const i = 'a' + 123;
    10 │ const j = 'a' + 0;
  
  i Consider turning the expression into a single string to improve readability and runtime performance.
  
  i Safe fix: Remove the useless concatenation
  
    6  6 │   const f = 0.1e-6 + 'a';
    7  7 │   const g = 0x10 + 'a';
    8    │ - const·h·=·1_000·+·'a';
       8 │ + const·h·=·"1000a";
    9  9 │   const i = 'a' + 123;
   10 10 │   const j = 'a' + 0;
  

```

```
numbers.js:9:11 lint/complexity/noUselessStringConcat  FIXABLE  ━━━━━━━━━━━━━━━━━━━━━━━━━━━━━━━━━━━

  i Useless string concatenation.
  
     7 │ const g = 0x10 + 'a';
     8 │ const h = 1_000 + 'a';
   > 9 │ const i = 'a' + 123;
       │           ^^^^^^^^^
    10 │ const j = 'a' + 0;
    11 │ const k = 'a' + 45.67;
  
  i Consider turning the expression into a single string to improve readability and runtime performance.
  
  i Safe fix: Remove the useless concatenation
  
    7  7 │   const g = 0x10 + 'a';
    8  8 │   const h = 1_000 + 'a';
    9    │ - const·i·=·'a'·+·123;
       9 │ + const·i·=·"a123";
   10 10 │   const j = 'a' + 0;
   11 11 │   const k = 'a' + 45.67;
  

```

```
numbers.js:10:11 lint/complexity/noUselessStringConcat  FIXABLE  ━━━━━━━━━━━━━━━━━━━━━━━━━━━━━━━━━━

  i Useless string concatenation.
  
     8 │ const h = 1_000 + 'a';
     9 │ const i = 'a' + 123;
  > 10 │ const j = 'a' + 0;
       │           ^^^^^^^
    11 │ const k = 'a' + 45.67;
    12 │ const l = 'a' + 0x1000000000000081;
  
  i Consider turning the expression into a single string to improve readability and runtime performance.
  
  i Safe fix: Remove the useless concatenation
  
    8  8 │   const h = 1_000 + 'a';
    9  9 │   const i = 'a' + 123;
   10    │ - const·j·=·'a'·+·0;
      10 │ + const·j·=·"a0";
   11 11 │   const k = 'a' + 45.67;
  

```

```
numbers.js:11:11 lint/complexity/noUselessStringConcat  FIXABLE  ━━━━━━━━━━━━━━━━━━━━━━━━━━━━━━━━━━

  i Useless string concatenation.
  
     9 │ const i = 'a' + 123;
    10 │ const j = 'a' + 0;
  > 11 │ const k = 'a' + 45.67;
       │           ^^^^^^^^^^^
    12 │ const l = 'a' + 0x1000000000000081;
  
  i Consider turning the expression into a single string to improve readability and runtime performance.
  
  i Safe fix: Remove the useless concatenation
  
    9  9 │   const i = 'a' + 123;
   10 10 │   const j = 'a' + 0;
   11    │ - const·k·=·'a'·+·45.67;
      11 │ + const·k·=·"a45.67";
   12 12 │   const l = 'a' + 0x1000000000000081;
  

```

```
numbers.js:12:11 lint/complexity/noUselessStringConcat  FIXABLE  ━━━━━━━━━━━━━━━━━━━━━━━━━━━━━━━━━━

  i Useless string concatenation.
  
    10 │ const j = 'a' + 0;
    11 │ const k = 'a' + 45.67;
  > 12 │ const l = 'a' + 0x1000000000000081;
       │           ^^^^^^^^^^^^^^^^^^^^^^^^^
    13 │ 
  
  i Consider turning the expression into a single string to improve readability and runtime performance.
  
  i Safe fix: Remove the useless concatenation
  
   10 10 │   const j = 'a' + 0;
   11 11 │   const k = 'a' + 45.67;
   12    │ - const·l·=·'a'·+·0x1000000000000081;
      12 │ + const·l·=·"a1152921504606847200";
  

```
